// Jest Snapshot v1, https://goo.gl/fbAQLP

exports[`renders without crashing 1`] = `
<nav
  className="main-nav mr3 mt3"
>
  <AccountMenu />
</nav>
`;
